// Jest Snapshot v1, https://goo.gl/fbAQLP

exports[`App js testing Renders App 1`] = `
Object {
  "asFragment": [Function],
  "baseElement": <body>
    <div>
      <a
        class="team-container"
        href="/undefined"
      >
        <svg
          class="button-arrow-right"
          fill="currentColor"
          height="1em"
          stroke="currentColor"
          stroke-width="0"
          viewBox="0 0 512 512"
          width="1em"
          xmlns="http://www.w3.org/2000/svg"
        >
          <path
            d="M464 256c0-114.87-93.13-208-208-208S48 141.13 48 256s93.13 208 208 208 208-93.13 208-208zm-212.65 91.36a16 16 0 01-.09-22.63L303.58 272H170a16 16 0 010-32h133.58l-52.32-52.73A16 16 0 11274 164.73l79.39 80a16 16 0 010 22.54l-79.39 80a16 16 0 01-22.65.09z"
          />
        </svg>
        <img
          alt="team badge"
          class="team-badge-img"
        />
        <h3
          class="team-name"
        />
        <span
          class="team-info"
        >
          Since 
        </span>
      </a>
    </div>
  </body>,
  "container": <div>
    <a
      class="team-container"
      href="/undefined"
    >
      <svg
        class="button-arrow-right"
        fill="currentColor"
        height="1em"
        stroke="currentColor"
        stroke-width="0"
        viewBox="0 0 512 512"
        width="1em"
        xmlns="http://www.w3.org/2000/svg"
      >
        <path
          d="M464 256c0-114.87-93.13-208-208-208S48 141.13 48 256s93.13 208 208 208 208-93.13 208-208zm-212.65 91.36a16 16 0 01-.09-22.63L303.58 272H170a16 16 0 010-32h133.58l-52.32-52.73A16 16 0 11274 164.73l79.39 80a16 16 0 010 22.54l-79.39 80a16 16 0 01-22.65.09z"
        />
      </svg>
      <img
        alt="team badge"
        class="team-badge-img"
      />
      <h3
        class="team-name"
      />
      <span
        class="team-info"
      >
        Since 
      </span>
    </a>
  </div>,
  "debug": [Function],
  "findAllByAltText": [Function],
  "findAllByDisplayValue": [Function],
  "findAllByLabelText": [Function],
  "findAllByPlaceholderText": [Function],
  "findAllByRole": [Function],
  "findAllByTestId": [Function],
  "findAllByText": [Function],
  "findAllByTitle": [Function],
  "findByAltText": [Function],
  "findByDisplayValue": [Function],
  "findByLabelText": [Function],
  "findByPlaceholderText": [Function],
  "findByRole": [Function],
  "findByTestId": [Function],
  "findByText": [Function],
  "findByTitle": [Function],
  "getAllByAltText": [Function],
  "getAllByDisplayValue": [Function],
  "getAllByLabelText": [Function],
  "getAllByPlaceholderText": [Function],
  "getAllByRole": [Function],
  "getAllByTestId": [Function],
  "getAllByText": [Function],
  "getAllByTitle": [Function],
  "getByAltText": [Function],
  "getByDisplayValue": [Function],
  "getByLabelText": [Function],
  "getByPlaceholderText": [Function],
  "getByRole": [Function],
  "getByTestId": [Function],
  "getByText": [Function],
  "getByTitle": [Function],
  "queryAllByAltText": [Function],
  "queryAllByDisplayValue": [Function],
  "queryAllByLabelText": [Function],
  "queryAllByPlaceholderText": [Function],
  "queryAllByRole": [Function],
  "queryAllByTestId": [Function],
  "queryAllByText": [Function],
  "queryAllByTitle": [Function],
  "queryByAltText": [Function],
  "queryByDisplayValue": [Function],
  "queryByLabelText": [Function],
  "queryByPlaceholderText": [Function],
  "queryByRole": [Function],
  "queryByTestId": [Function],
  "queryByText": [Function],
  "queryByTitle": [Function],
  "rerender": [Function],
  "unmount": [Function],
}
`;
