// Jest Snapshot v1, https://goo.gl/fbAQLP

exports[`App js testing Renders App 1`] = `
Object {
  "asFragment": [Function],
  "baseElement": <body>
    <div>
      <div
        class="team-match-thumb"
        style="background-image: url(PropTypes.string);"
      >
        <div
          class="team-match-container"
        >
          <div
            class="home-team"
          >
            <div
              class="match-team-info"
            >
              <h4
                class="home-team-name"
              >
                PropTypes.string
              </h4>
              <p
                class="home-team-score"
              >
                PropTypes.string
              </p>
            </div>
          </div>
          <div
            class="vs"
          >
            VS.
          </div>
          <div
            class="away-team"
          >
            <div
              class="match-team-info"
            >
              <h4
                class="away-team-name"
              >
                PropTypes.string
              </h4>
              <p
                class="away-team-score"
              >
                PropTypes.string
              </p>
            </div>
          </div>
        </div>
      </div>
    </div>
  </body>,
  "container": <div>
    <div
      class="team-match-thumb"
      style="background-image: url(PropTypes.string);"
    >
      <div
        class="team-match-container"
      >
        <div
          class="home-team"
        >
          <div
            class="match-team-info"
          >
            <h4
              class="home-team-name"
            >
              PropTypes.string
            </h4>
            <p
              class="home-team-score"
            >
              PropTypes.string
            </p>
          </div>
        </div>
        <div
          class="vs"
        >
          VS.
        </div>
        <div
          class="away-team"
        >
          <div
            class="match-team-info"
          >
            <h4
              class="away-team-name"
            >
              PropTypes.string
            </h4>
            <p
              class="away-team-score"
            >
              PropTypes.string
            </p>
          </div>
        </div>
      </div>
    </div>
  </div>,
  "debug": [Function],
  "findAllByAltText": [Function],
  "findAllByDisplayValue": [Function],
  "findAllByLabelText": [Function],
  "findAllByPlaceholderText": [Function],
  "findAllByRole": [Function],
  "findAllByTestId": [Function],
  "findAllByText": [Function],
  "findAllByTitle": [Function],
  "findByAltText": [Function],
  "findByDisplayValue": [Function],
  "findByLabelText": [Function],
  "findByPlaceholderText": [Function],
  "findByRole": [Function],
  "findByTestId": [Function],
  "findByText": [Function],
  "findByTitle": [Function],
  "getAllByAltText": [Function],
  "getAllByDisplayValue": [Function],
  "getAllByLabelText": [Function],
  "getAllByPlaceholderText": [Function],
  "getAllByRole": [Function],
  "getAllByTestId": [Function],
  "getAllByText": [Function],
  "getAllByTitle": [Function],
  "getByAltText": [Function],
  "getByDisplayValue": [Function],
  "getByLabelText": [Function],
  "getByPlaceholderText": [Function],
  "getByRole": [Function],
  "getByTestId": [Function],
  "getByText": [Function],
  "getByTitle": [Function],
  "queryAllByAltText": [Function],
  "queryAllByDisplayValue": [Function],
  "queryAllByLabelText": [Function],
  "queryAllByPlaceholderText": [Function],
  "queryAllByRole": [Function],
  "queryAllByTestId": [Function],
  "queryAllByText": [Function],
  "queryAllByTitle": [Function],
  "queryByAltText": [Function],
  "queryByDisplayValue": [Function],
  "queryByLabelText": [Function],
  "queryByPlaceholderText": [Function],
  "queryByRole": [Function],
  "queryByTestId": [Function],
  "queryByText": [Function],
  "queryByTitle": [Function],
  "rerender": [Function],
  "unmount": [Function],
}
`;
